// Jest Snapshot v1, https://goo.gl/fbAQLP

exports[`Cover Component renders the cover with correct snapshot 1`] = `
{
  "asFragment": [Function],
  "baseElement": <body>
    <div>
      <div
        class="flex items-center gap-2 md:gap-4 text-white"
      >
        <img
          alt="Test Title"
          aria-label="Test Title"
          class="w-[48px] h-[48px] md:w-[72px] md:h-[72px]"
          height="72"
          src="test-image.jpg"
          width="72"
        />
        <div>
          <p
            class="font-default text-[12px]/[18px] text-white md:text-[14px]/[20px] font-normal"
          >
            Test Title
          </p>
          <p
            class="font-default font-normal text-white/80 text-[10px]/[18px] md:text-[12px]/[20px]"
          >
            Test Subtitle
          </p>
        </div>
      </div>
    </div>
  </body>,
  "container": <div>
    <div
      class="flex items-center gap-2 md:gap-4 text-white"
    >
      <img
        alt="Test Title"
        aria-label="Test Title"
        class="w-[48px] h-[48px] md:w-[72px] md:h-[72px]"
        height="72"
        src="test-image.jpg"
        width="72"
      />
      <div>
        <p
          class="font-default text-[12px]/[18px] text-white md:text-[14px]/[20px] font-normal"
        >
          Test Title
        </p>
        <p
          class="font-default font-normal text-white/80 text-[10px]/[18px] md:text-[12px]/[20px]"
        >
          Test Subtitle
        </p>
      </div>
    </div>
  </div>,
  "debug": [Function],
  "findAllByAltText": [Function],
  "findAllByDisplayValue": [Function],
  "findAllByLabelText": [Function],
  "findAllByPlaceholderText": [Function],
  "findAllByRole": [Function],
  "findAllByTestId": [Function],
  "findAllByText": [Function],
  "findAllByTitle": [Function],
  "findByAltText": [Function],
  "findByDisplayValue": [Function],
  "findByLabelText": [Function],
  "findByPlaceholderText": [Function],
  "findByRole": [Function],
  "findByTestId": [Function],
  "findByText": [Function],
  "findByTitle": [Function],
  "getAllByAltText": [Function],
  "getAllByDisplayValue": [Function],
  "getAllByLabelText": [Function],
  "getAllByPlaceholderText": [Function],
  "getAllByRole": [Function],
  "getAllByTestId": [Function],
  "getAllByText": [Function],
  "getAllByTitle": [Function],
  "getByAltText": [Function],
  "getByDisplayValue": [Function],
  "getByLabelText": [Function],
  "getByPlaceholderText": [Function],
  "getByRole": [Function],
  "getByTestId": [Function],
  "getByText": [Function],
  "getByTitle": [Function],
  "queryAllByAltText": [Function],
  "queryAllByDisplayValue": [Function],
  "queryAllByLabelText": [Function],
  "queryAllByPlaceholderText": [Function],
  "queryAllByRole": [Function],
  "queryAllByTestId": [Function],
  "queryAllByText": [Function],
  "queryAllByTitle": [Function],
  "queryByAltText": [Function],
  "queryByDisplayValue": [Function],
  "queryByLabelText": [Function],
  "queryByPlaceholderText": [Function],
  "queryByRole": [Function],
  "queryByTestId": [Function],
  "queryByText": [Function],
  "queryByTitle": [Function],
  "rerender": [Function],
  "unmount": [Function],
}
`;
