// Jest Snapshot v1, https://goo.gl/fbAQLP

exports[`PageTitle Component renders the page title with correct snapshot 1`] = `
{
  "asFragment": [Function],
  "baseElement": <body>
    <div>
      <div
        class="flex justify-between items-center flex-wrap mb-4 md:mb-8"
      >
        <div
          class="flex flex-col gap-2"
        >
          <h1
            class="font-default text-[26px]/[30px] font-semibold md:text-[28px]/[32px]"
          >
            Test Title
          </h1>
          <h2
            class="font-default text-[14px]/[16px] font-normal text-[#D3DADD] md:text-base/[18px] mb-2 md:mb-0"
          >
            Test Subtitle
          </h2>
        </div>
      </div>
    </div>
  </body>,
  "container": <div>
    <div
      class="flex justify-between items-center flex-wrap mb-4 md:mb-8"
    >
      <div
        class="flex flex-col gap-2"
      >
        <h1
          class="font-default text-[26px]/[30px] font-semibold md:text-[28px]/[32px]"
        >
          Test Title
        </h1>
        <h2
          class="font-default text-[14px]/[16px] font-normal text-[#D3DADD] md:text-base/[18px] mb-2 md:mb-0"
        >
          Test Subtitle
        </h2>
      </div>
    </div>
  </div>,
  "debug": [Function],
  "findAllByAltText": [Function],
  "findAllByDisplayValue": [Function],
  "findAllByLabelText": [Function],
  "findAllByPlaceholderText": [Function],
  "findAllByRole": [Function],
  "findAllByTestId": [Function],
  "findAllByText": [Function],
  "findAllByTitle": [Function],
  "findByAltText": [Function],
  "findByDisplayValue": [Function],
  "findByLabelText": [Function],
  "findByPlaceholderText": [Function],
  "findByRole": [Function],
  "findByTestId": [Function],
  "findByText": [Function],
  "findByTitle": [Function],
  "getAllByAltText": [Function],
  "getAllByDisplayValue": [Function],
  "getAllByLabelText": [Function],
  "getAllByPlaceholderText": [Function],
  "getAllByRole": [Function],
  "getAllByTestId": [Function],
  "getAllByText": [Function],
  "getAllByTitle": [Function],
  "getByAltText": [Function],
  "getByDisplayValue": [Function],
  "getByLabelText": [Function],
  "getByPlaceholderText": [Function],
  "getByRole": [Function],
  "getByTestId": [Function],
  "getByText": [Function],
  "getByTitle": [Function],
  "queryAllByAltText": [Function],
  "queryAllByDisplayValue": [Function],
  "queryAllByLabelText": [Function],
  "queryAllByPlaceholderText": [Function],
  "queryAllByRole": [Function],
  "queryAllByTestId": [Function],
  "queryAllByText": [Function],
  "queryAllByTitle": [Function],
  "queryByAltText": [Function],
  "queryByDisplayValue": [Function],
  "queryByLabelText": [Function],
  "queryByPlaceholderText": [Function],
  "queryByRole": [Function],
  "queryByTestId": [Function],
  "queryByText": [Function],
  "queryByTitle": [Function],
  "rerender": [Function],
  "unmount": [Function],
}
`;
